[Licensing::Module] Trying to connect to existing licensing client channel...
[Licensing::IpcConnector] Successfully connected to: "LicenseClient-dliao" at "2026-03-29T02:44:40.4188573Z"
[Licensing::Client] Code 10 while verifying Licensing Client signature (process Id: 37656, path: "C:/Program Files/Unity Hub/UnityLicensingClient_V1/Unity.Licensing.Client.exe")
[Licensing::Module] LicensingClient has failed validation; ignoring
[Licensing::Client] Error: HandshakeResponse reported an error:
	ResponseCode: 505
	ResponseStatus: Unsupported protocol version '1.16.2'.
[Licensing::Module] Error: Failed to handshake to channel: "LicenseClient-dliao"
[Licensing::IpcConnector] LicenseClient-dliao channel disconnected successfully.
[Licensing::IpcConnector] Successfully connected to: "LicenseClient-dliao-2022.3.62" at "2026-03-29T02:44:40.465404Z"
[Licensing::Client] Code 10 while verifying Licensing Client signature (process Id: 33520, path: "C:/Program Files/Unity/Hub/Editor/2022.3.62f3c1/Editor/Data/Resources/Licensing/Client/Unity.Licensing.Client.exe")
[Licensing::Module] LicensingClient has failed validation; ignoring
[Licensing::Client] Handshaking with LicensingClient:
  Version:                 1.16.2+bdef8f5
  Session Id:              fa248ae598014fef8cce3a4a0a333d36
  Correlation Id:          d59d4e6644cd5fbec21f4b33164034af
  External correlation Id: 8181007494293159685
  Machine Id:              el3L61JLf6YOGhwET5l/LX/6zO8=
[Licensing::Module] Successfully connected to LicensingClient on channel: "LicenseClient-dliao-2022.3.62" (connect: 0.00s, validation: 0.01s, handshake: 0.00s)
[Licensing::IpcConnector] Successfully connected to: "LicenseClient-dliao-2022.3.62-notifications" at "2026-03-29T02:44:40.4804661Z"
[Licensing::Module] Error: Access token is unavailable; failed to update
[Licensing::Client] Successfully updated license
Built from '2022.3/china_unity/release' branch; Version is '2022.3.62f3c1 (1623fc0bbb97) revision 1451004'; Using compiler version '192829333'; Build Type 'Release'
OS: 'Windows 11  (10.0.26200) 64bit Professional' Language: 'zh' Physical Memory: 65366 MB
[Licensing::Client] Successfully resolved entitlement details
[Licensing::Module] Serial number assigned to: "F4-DKTT-3G73-G2W7-34V2-XXXX"
BatchMode: 1, IsHumanControllingUs: 0, StartBugReporterOnCrash: 0, Is64bit: 1, IsPro: 0
[Licensing::Client] Successfully resolved entitlement details

COMMAND LINE ARGUMENTS:
C:\Program Files\Unity\Hub\Editor\2022.3.62f3c1\Editor\Unity.exe
-batchmode
-nographics
-projectPath
E:/claudeCode/unity/FWTCG_UNITY_V3
-runTests
-testPlatform
EditMode
-testResults
E:/claudeCode/unity/FWTCG_UNITY_V3/test-results.xml
-logFile
E:/claudeCode/unity/FWTCG_UNITY_V3/test-log.txt
Successfully changed project path to: E:/claudeCode/unity/FWTCG_UNITY_V3
E:/claudeCode/unity/FWTCG_UNITY_V3
It looks like another Unity instance is running with this project open.

Multiple Unity instances cannot open the same project.

Project: E:/claudeCode/unity/FWTCG_UNITY_V3
Fatal Error! It looks like another Unity instance is running with this project open.

Multiple Unity instances cannot open the same project.

Project: E:/claudeCode/unity/FWTCG_UNITY_V3
Crash!!!
SymInit: Symbol-SearchPath: 'C:/Program Files/Unity/Hub/Editor/2022.3.62f3c1/Editor/Data/Mono;.;E:\claudeCode\unity\FWTCG_UNITY_V3;E:\claudeCode\unity\FWTCG_UNITY_V3\Library\BurstCache\JIT;C:\Program Files\Unity\Hub\Editor\2022.3.62f3c1\Editor;C:\WINDOWS;C:\WINDOWS\system32;', symOptions: 534, UserName: 'dliao'
OS-Version: 10.0.0
C:\Program Files\Unity\Hub\Editor\2022.3.62f3c1\Editor\Unity.exe:Unity.exe (00007FF6248D0000), size: 96317440 (result: 0), SymType: '-deferred-', PDB: '', fileVersion: 2022.3.62.9212
C:\WINDOWS\SYSTEM32\ntdll.dll:ntdll.dll (00007FFEBFFE0000), size: 2523136 (result: 0), SymType: '-deferred-', PDB: '', fileVersion: 10.0.26100.7824
C:\WINDOWS\System32\KERNEL32.DLL:KERNEL32.DLL (00007FFEBDEC0000), size: 823296 (result: 0), SymType: '-deferred-', PDB: '', fileVersion: 10.0.26100.7705
C:\WINDOWS\System32\KERNELBASE.dll:KERNELBASE.dll (00007FFEBC8C0000), size: 4132864 (result: 0), SymType: '-deferred-', PDB: '', fileVersion: 10.0.26100.7824
C:\WINDOWS\SYSTEM32\apphelp.dll:apphelp.dll (00007FFEB8CD0000), size: 647168 (result: 0), SymType: '-deferred-', PDB: '', fileVersion: 10.0.26100.7824
C:\WINDOWS\System32\CRYPT32.dll:CRYPT32.dll (00007FFEBD860000), size: 1536000 (result: 0), SymType: '-deferred-', PDB: '', fileVersion: 10.0.26100.7309
C:\WINDOWS\System32\ucrtbase.dll:ucrtbase.dll (00007FFEBD710000), size: 1355776 (result: 0), SymType: '-deferred-', PDB: '', fileVersion: 10.0.26100.7623
C:\WINDOWS\System32\USER32.dll:USER32.dll (00007FFEBFB60000), size: 1859584 (result: 0), SymType: '-deferred-', PDB: '', fileVersion: 10.0.26100.7705
C:\Program Files\Unity\Hub\Editor\2022.3.62f3c1\Editor\libfbxsdk.dll:libfbxsdk.dll (00007FFD68110000), size: 8019968 (result: 0), SymType: '-deferred-', PDB: '', fileVersion: 2020.3.7.0
C:\Program Files\Unity\Hub\Editor\2022.3.62f3c1\Editor\etccompress.dll:etccompress.dll (00007FFCF52A0000), size: 5070848 (result: 0), SymType: '-deferred-', PDB: ''
C:\Program Files\Unity\Hub\Editor\2022.3.62f3c1\Editor\s3tcompress.dll:s3tcompress.dll (00007FFEB2360000), size: 180224 (result: 0), SymType: '-deferred-', PDB: ''
C:\WINDOWS\System32\win32u.dll:win32u.dll (00007FFEBDD50000), size: 159744 (result: 0), SymType: '-deferred-', PDB: '', fileVersion: 10.0.26100.7705
C:\WINDOWS\System32\ADVAPI32.dll:ADVAPI32.dll (00007FFEBF1B0000), size: 737280 (result: 0), SymType: '-deferred-', PDB: '', fileVersion: 10.0.26100.7705
C:\Program Files\Unity\Hub\Editor\2022.3.62f3c1\Editor\ispc_texcomp.dll:ispc_texcomp.dll (00007FFE2B930000), size: 1826816 (result: 0), SymType: '-deferred-', PDB: ''
C:\Program Files\Unity\Hub\Editor\2022.3.62f3c1\Editor\compress_bc7e.dll:compress_bc7e.dll (00007FFE318B0000), size: 1433600 (result: 0), SymType: '-deferred-', PDB: ''
C:\WINDOWS\System32\msvcrt.dll:msvcrt.dll (00007FFEBDD80000), size: 692224 (result: 0), SymType: '-deferred-', PDB: '', fileVersion: 7.0.26100.7623
C:\WINDOWS\System32\GDI32.dll:GDI32.dll (00007FFEBFD30000), size: 176128 (result: 0), SymType: '-deferred-', PDB: '', fileVersion: 10.0.26100.7705
C:\Program Files\Unity\Hub\Editor\2022.3.62f3c1\Editor\FreeImage.dll:FreeImage.dll (0000000180000000), size: 5783552 (result: 0), SymType: '-deferred-', PDB: '', fileVersion: 3.18.0.0
C:\WINDOWS\System32\sechost.dll:sechost.dll (00007FFEBE010000), size: 679936 (result: 0), SymType: '-deferred-', PDB: '', fileVersion: 10.0.26100.7623
C:\WINDOWS\System32\gdi32full.dll:gdi32full.dll (00007FFEBCCC0000), size: 1224704 (result: 0), SymType: '-deferred-', PDB: '', fileVersion: 10.0.26100.7705
C:\Program Files\Unity\Hub\Editor\2022.3.62f3c1\Editor\WinPixEventRuntime.dll:WinPixEventRuntime.dll (00007FFEB6D50000), size: 45056 (result: 0), SymType: '-deferred-', PDB: '', fileVersion: 1.0.1812.6001
C:\WINDOWS\System32\WS2_32.dll:WS2_32.dll (00007FFEBFE20000), size: 475136 (result: 0), SymType: '-deferred-', PDB: '', fileVersion: 10.0.26100.7623
C:\WINDOWS\System32\msvcp_win.dll:msvcp_win.dll (00007FFEBCDF0000), size: 667648 (result: 0), SymType: '-deferred-', PDB: '', fileVersion: 10.0.26100.7623
C:\WINDOWS\System32\RPCRT4.dll:RPCRT4.dll (00007FFEBF470000), size: 1146880 (result: 0), SymType: '-deferred-', PDB: '', fileVersion: 10.0.26100.7705
C:\WINDOWS\System32\SHELL32.dll:SHELL32.dll (00007FFEBE5B0000), size: 7675904 (result: 0), SymType: '-deferred-', PDB: '', fileVersion: 10.0.26100.7840
C:\Program Files\Unity\Hub\Editor\2022.3.62f3c1\Editor\umbraoptimizer64.dll:umbraoptimizer64.dll (00007FFDFAD70000), size: 1187840 (result: 0), SymType: '-deferred-', PDB: ''
C:\WINDOWS\System32\wintypes.dll:wintypes.dll (00007FFEBDB20000), size: 1482752 (result: 0), SymType: '-deferred-', PDB: '', fileVersion: 10.0.26100.7705
C:\WINDOWS\System32\combase.dll:combase.dll (00007FFEBED20000), size: 3694592 (result: 0), SymType: '-deferred-', PDB: '', fileVersion: 10.0.26100.7705
C:\WINDOWS\System32\SHLWAPI.dll:SHLWAPI.dll (00007FFEBE0C0000), size: 421888 (result: 0), SymType: '-deferred-', PDB: '', fileVersion: 10.0.26100.7824
C:\WINDOWS\System32\Windows.Storage.dll:Windows.Storage.dll (00007FFEBCEA0000), size: 8794112 (result: 0), SymType: '-deferred-', PDB: '', fileVersion: 10.0.26100.7840
C:\WINDOWS\SYSTEM32\MSVCP140.dll:MSVCP140.dll (00007FFE9A770000), size: 561152 (result: 0), SymType: '-deferred-', PDB: '', fileVersion: 14.44.35211.0
C:\WINDOWS\SYSTEM32\VCRUNTIME140.dll:VCRUNTIME140.dll (00007FFE9A820000), size: 122880 (result: 0), SymType: '-deferred-', PDB: '', fileVersion: 14.44.35211.0
C:\WINDOWS\SYSTEM32\VCRUNTIME140_1.dll:VCRUNTIME140_1.dll (00007FFE9A870000), size: 49152 (result: 0), SymType: '-deferred-', PDB: '', fileVersion: 14.44.35211.0
C:\WINDOWS\System32\ole32.dll:ole32.dll (00007FFEBE410000), size: 1667072 (result: 0), SymType: '-deferred-', PDB: '', fileVersion: 10.0.26100.7824
C:\WINDOWS\System32\IMM32.dll:IMM32.dll (00007FFEBFED0000), size: 200704 (result: 0), SymType: '-deferred-', PDB: '', fileVersion: 10.0.26100.7309
C:\WINDOWS\System32\SETUPAPI.dll:SETUPAPI.dll (00007FFEBF590000), size: 4755456 (result: 0), SymType: '-deferred-', PDB: '', fileVersion: 10.0.26100.7705
C:\WINDOWS\SYSTEM32\OPENGL32.dll:OPENGL32.dll (00007FFE84C70000), size: 1114112 (result: 0), SymType: '-deferred-', PDB: '', fileVersion: 10.0.26100.7705
C:\WINDOWS\SYSTEM32\GLU32.dll:GLU32.dll (00007FFE84C40000), size: 184320 (result: 0), SymType: '-deferred-', PDB: '', fileVersion: 10.0.26100.1150
C:\WINDOWS\SYSTEM32\IPHLPAPI.DLL:IPHLPAPI.DLL (00007FFEBADE0000), size: 212992 (result: 0), SymType: '-deferred-', PDB: '', fileVersion: 10.0.26100.7705
C:\WINDOWS\System32\OLEAUT32.dll:OLEAUT32.dll (00007FFEBFA20000), size: 880640 (result: 0), SymType: '-deferred-', PDB: '', fileVersion: 10.0.26100.7705
C:\WINDOWS\System32\WINTRUST.dll:WINTRUST.dll (00007FFEBDA90000), size: 532480 (result: 0), SymType: '-deferred-', PDB: '', fileVersion: 10.0.26100.7705
C:\WINDOWS\SYSTEM32\WINHTTP.dll:WINHTTP.dll (00007FFEB0700000), size: 1208320 (result: 0), SymType: '-deferred-', PDB: '', fileVersion: 10.0.26100.7705
C:\WINDOWS\SYSTEM32\WINMM.dll:WINMM.dll (00007FFEB0830000), size: 217088 (result: 0), SymType: '-deferred-', PDB: '', fileVersion: 10.0.26100.7309
C:\WINDOWS\SYSTEM32\bcrypt.dll:bcrypt.dll (00007FFEBC7B0000), size: 172032 (result: 0), SymType: '-deferred-', PDB: '', fileVersion: 10.0.26100.7623
C:\WINDOWS\SYSTEM32\HID.DLL:HID.DLL (00007FFEBAB10000), size: 61440 (result: 0), SymType: '-deferred-', PDB: '', fileVersion: 10.0.26100.1150
C:\WINDOWS\SYSTEM32\dwmapi.dll:dwmapi.dll (00007FFEB9160000), size: 200704 (result: 0), SymType: '-deferred-', PDB: '', fileVersion: 10.0.26100.7705
C:\Program Files\Unity\Hub\Editor\2022.3.62f3c1\Editor\SketchUpAPI.dll:SketchUpAPI.dll (00007FFCF4A00000), size: 8990720 (result: 0), SymType: '-deferred-', PDB: '', fileVersion: 23.0.0.0
C:\Program Files\Unity\Hub\Editor\2022.3.62f3c1\Editor\NativeProxyHelper.dll:NativeProxyHelper.dll (00007FFDAD820000), size: 1789952 (result: 0), SymType: '-deferred-', PDB: ''
C:\WINDOWS\SYSTEM32\VERSION.dll:VERSION.dll (00007FFEB62A0000), size: 45056 (result: 0), SymType: '-deferred-', PDB: '', fileVersion: 10.0.26100.1150
C:\WINDOWS\SYSTEM32\WSOCK32.dll:WSOCK32.dll (00007FFE9D150000), size: 40960 (result: 0), SymType: '-deferred-', PDB: '', fileVersion: 10.0.26100.1
C:\WINDOWS\SYSTEM32\dxcore.dll:dxcore.dll (00007FFEBA3F0000), size: 278528 (result: 0), SymType: '-deferred-', PDB: '', fileVersion: 10.0.26100.7705
C:\Program Files\Unity\Hub\Editor\2022.3.62f3c1\Editor\SketchUpCommonPreferences.dll:SketchUpCommonPreferences.dll (00007FFE9BA90000), size: 499712 (result: 0), SymType: '-deferred-', PDB: '', fileVersion: 23.0.0.0
C:\WINDOWS\SYSTEM32\Secur32.dll:Secur32.dll (00007FFEB8ED0000), size: 53248 (result: 0), SymType: '-deferred-', PDB: '', fileVersion: 10.0.26100.7705
C:\WINDOWS\SYSTEM32\SSPICLI.DLL:SSPICLI.DLL (00007FFEBB8C0000), size: 299008 (result: 0), SymType: '-deferred-', PDB: '', fileVersion: 10.0.26100.7309
C:\Program Files\Unity\Hub\Editor\2022.3.62f3c1\Editor\OpenRL.dll:OpenRL.dll (000001553D110000), size: 12779520 (result: 0), SymType: '-deferred-', PDB: '', fileVersion: 1.5.0.2907
C:\WINDOWS\SYSTEM32\MSWSOCK.DLL:MSWSOCK.DLL (00007FFEBBB70000), size: 438272 (result: 0), SymType: '-deferred-', PDB: '', fileVersion: 10.0.26100.7705
C:\WINDOWS\SYSTEM32\MSVCP100.dll:MSVCP100.dll (0000000052390000), size: 622592 (result: 0), SymType: '-deferred-', PDB: '', fileVersion: 10.0.40219.325
C:\WINDOWS\SYSTEM32\MSVCR100.dll:MSVCR100.dll (0000000052430000), size: 860160 (result: 0), SymType: '-deferred-', PDB: '', fileVersion: 10.0.40219.325
C:\Program Files\Unity\Hub\Editor\2022.3.62f3c1\Editor\embree.dll:embree.dll (00007FFCF3A10000), size: 16711680 (result: 0), SymType: '-deferred-', PDB: '', fileVersion: 2.14.0.0
C:\Program Files\Unity\Hub\Editor\2022.3.62f3c1\Editor\tbb.dll:tbb.dll (00007FFE771B0000), size: 413696 (result: 0), SymType: '-deferred-', PDB: '', fileVersion: 2017.0.2016.1004
C:\WINDOWS\SYSTEM32\MSVCR120.dll:MSVCR120.dll (00007FFDFB1A0000), size: 978944 (result: 0), SymType: '-deferred-', PDB: '', fileVersion: 12.0.40664.0
C:\WINDOWS\SYSTEM32\MSVCP120.dll:MSVCP120.dll (00007FFE397D0000), size: 679936 (result: 0), SymType: '-deferred-', PDB: '', fileVersion: 12.0.40664.0
C:\Program Files\Unity\Hub\Editor\2022.3.62f3c1\Editor\OpenRL_pthread.dll:OpenRL_pthread.dll (000001553DD60000), size: 61440 (result: 0), SymType: '-deferred-', PDB: '', fileVersion: 2.9.0.0
C:\WINDOWS\SYSTEM32\MSASN1.dll:MSASN1.dll (00007FFEBBFC0000), size: 77824 (result: 0), SymType: '-deferred-', PDB: '', fileVersion: 10.0.26100.7623
C:\WINDOWS\SYSTEM32\CRYPTBASE.DLL:CRYPTBASE.DLL (00007FFEBBDC0000), size: 49152 (result: 0), SymType: '-deferred-', PDB: '', fileVersion: 10.0.26100.7623
C:\WINDOWS\System32\bcryptPrimitives.dll:bcryptPrimitives.dll (00007FFEBD9E0000), size: 675840 (result: 0), SymType: '-deferred-', PDB: '', fileVersion: 10.0.26100.7623
C:\WINDOWS\SYSTEM32\cfgmgr32.DLL:cfgmgr32.DLL (00007FFEBC550000), size: 356352 (result: 0), SymType: '-deferred-', PDB: '', fileVersion: 10.0.26100.7309
C:\WINDOWS\SYSTEM32\kernel.appcore.dll:kernel.appcore.dll (00007FFEBB620000), size: 110592 (result: 0), SymType: '-deferred-', PDB: '', fileVersion: 10.0.26100.7705
C:\WINDOWS\system32\uxtheme.dll:uxtheme.dll (00007FFEB9060000), size: 700416 (result: 0), SymType: '-deferred-', PDB: '', fileVersion: 10.0.26100.7824
C:\WINDOWS\System32\SHCORE.dll:SHCORE.dll (00007FFEBE130000), size: 1007616 (result: 0), SymType: '-deferred-', PDB: '', fileVersion: 10.0.26100.7824
C:\WINDOWS\SYSTEM32\profapi.dll:profapi.dll (00007FFEBC7E0000), size: 167936 (result: 0), SymType: '-deferred-', PDB: '', fileVersion: 10.0.26100.7309
C:\WINDOWS\SYSTEM32\CRYPTSP.dll:CRYPTSP.dll (00007FFEBBF60000), size: 110592 (result: 0), SymType: '-deferred-', PDB: '', fileVersion: 10.0.26100.7705
C:\WINDOWS\system32\rsaenh.dll:rsaenh.dll (00007FFEBB580000), size: 233472 (result: 0), SymType: '-deferred-', PDB: '', fileVersion: 10.0.26100.7705
C:\WINDOWS\System32\imagehlp.dll:imagehlp.dll (00007FFEBFEA0000), size: 131072 (result: 0), SymType: '-deferred-', PDB: '', fileVersion: 10.0.26100.4202
C:\WINDOWS\SYSTEM32\gpapi.dll:gpapi.dll (00007FFEBBBE0000), size: 200704 (result: 0), SymType: '-deferred-', PDB: '', fileVersion: 10.0.26100.7705
C:\Windows\System32\cryptnet.dll:cryptnet.dll (00007FFEB60A0000), size: 241664 (result: 0), SymType: '-deferred-', PDB: '', fileVersion: 10.0.26100.7309
C:\WINDOWS\SYSTEM32\WINNSI.DLL:WINNSI.DLL (00007FFEB8FA0000), size: 61440 (result: 0), SymType: '-deferred-', PDB: '', fileVersion: 10.0.26100.7705
C:\WINDOWS\System32\NSI.dll:NSI.dll (00007FFEBFF10000), size: 40960 (result: 0), SymType: '-deferred-', PDB: '', fileVersion: 10.0.26100.7705
C:\WINDOWS\system32\IconCodecService.dll:IconCodecService.dll (00007FFE73B20000), size: 45056 (result: 0), SymType: '-deferred-', PDB: '', fileVersion: 10.0.26100.1
C:\WINDOWS\SYSTEM32\WindowsCodecs.dll:WindowsCodecs.dll (00007FFEB7F00000), size: 2289664 (result: 0), SymType: '-deferred-', PDB: '', fileVersion: 10.0.26100.7705
C:\WINDOWS\System32\clbcatq.dll:clbcatq.dll (00007FFEBFD60000), size: 720896 (result: 0), SymType: '-deferred-', PDB: '', fileVersion: 2001.12.10941.16384
C:\WINDOWS\System32\netprofm.dll:netprofm.dll (00007FFEB04B0000), size: 458752 (result: 0), SymType: '-deferred-', PDB: '', fileVersion: 10.0.26100.7705
C:\WINDOWS\System32\npmproxy.dll:npmproxy.dll (00007FFEB6850000), size: 102400 (result: 0), SymType: '-deferred-', PDB: '', fileVersion: 10.0.26100.7309
C:\WINDOWS\SYSTEM32\dbghelp.dll:dbghelp.dll (00007FFEBA4C0000), size: 2367488 (result: 0), SymType: '-deferred-', PDB: '', fileVersion: 10.0.26100.5074

========== OUTPUTTING STACK TRACE ==================

0x00007FFEBC98A80A (KERNELBASE) RaiseException
0x00007FF626573D10 (Unity) EditorMonoConsole::LogToConsoleImplementation
0x00007FF6265746FC (Unity) EditorMonoConsole::LogToConsoleImplementation
0x00007FF627208ADF (Unity) DebugStringToFilePostprocessedStacktrace
0x00007FF62720823A (Unity) DebugStringToFile
0x00007FF6266E03A7 (Unity) HandleProjectAlreadyOpenInAnotherInstance
0x00007FF6266E2948 (Unity) Application::InitializeProject
0x00007FF626B5FEE5 (Unity) WinMain
0x00007FF627F234BE (Unity) __scrt_common_main_seh
0x00007FFEBDEEE8D7 (KERNEL32) BaseThreadInitThunk
0x00007FFEC006C40C (ntdll) RtlUserThreadStart

========== END OF STACKTRACE ===========

A crash has been intercepted by the crash handler. For call stack and other details, see the latest crash report generated in:
 * C:/Users/dliao/AppData/Local/Temp/Unity/Editor/Crashes
